// Jest Snapshot v1, https://goo.gl/fbAQLP

exports[`AppMain renders correctly 1`] = `<IssuesPage />`;
